2026-07-19 01:44:47 [info] tetrisd: started (full pipeline: handshake+HTTTP+rooms+ticker)
2026-07-19 01:44:59 [info] client fd 9: handshake OK, assigned id p9 (1 connected)
2026-07-19 01:44:59 [info] room main created by p9
2026-07-19 01:44:59 [info] room main: p9 joined (1 player)
2026-07-19 01:44:59 [info] req p9 JOIN /room/main -> 201
2026-07-19 01:44:59 [info] room main: SEED seat=0 player=p9 seed=4115687058
2026-07-19 01:44:59 [info] room main: STARTED by p9 (1 players, 20 Hz)
2026-07-19 01:44:59 [info] req p9 START /room/main -> 200
2026-07-19 01:44:59 [info] req p9 MOVE /room/main/player/p9 -> 200
2026-07-19 01:45:01 [info] room main: p9 left (room destroyed)
2026-07-19 01:45:01 [info] req p9 LEAVE /room/main -> 200
2026-07-19 01:45:01 [info] client p9 (fd 9) disconnected: connection closed or bad frame
2026-07-19 02:00:32 [info] tetrisd: started (full pipeline: handshake+HTTTP+rooms+ticker)
2026-07-19 02:00:41 [info] client fd 9: handshake OK, assigned id p9 (1 connected)
2026-07-19 02:00:41 [info] room main created by p9
2026-07-19 02:00:41 [info] room main: p9 joined (1 player)
2026-07-19 02:00:41 [info] req p9 JOIN /room/main -> 201
2026-07-19 02:00:41 [info] room main: SEED seat=0 player=p9 seed=2491638901
2026-07-19 02:00:41 [info] room main: STARTED by p9 (1 players, 20 Hz)
2026-07-19 02:00:41 [info] req p9 START /room/main -> 200
2026-07-19 02:00:41 [info] req p9 MOVE /room/main/player/p9 -> 200
2026-07-19 02:00:43 [info] room main: p9 left (room destroyed)
2026-07-19 02:00:43 [info] req p9 LEAVE /room/main -> 200
2026-07-19 02:00:43 [info] client p9 (fd 9) disconnected: connection closed or bad frame
